Nothing to build in platform 'zybo'

18:37:48 **** Incremental Build of configuration Debug for project zybo_app ****
make all 
make --no-print-directory pre-build
a9-linaro-pre-build-step
' '
make --no-print-directory main-build
'Building file: ../src/main.c'
'Invoking: ARM v7 gcc compiler'
arm-none-eabi-gcc -Wall -O0 -g3 -c -fmessage-length=0 -MT"src/main.o" -mcpu=cortex-a9 -mfpu=vfpv3 -mfloat-abi=hard -IC:/FHNW/prj2/fhnw_zt/5_vitis/ws/zybo/export/zybo/sw/zybo/standalone_domain/bspinclude/include -MMD -MP -MF"src/main.d" -MT"src/main.o" -o "src/main.o" "../src/main.c"
../src/main.c: In function 'main':
../src/main.c:12:17: warning: implicit declaration of function 'printfAddress' [-Wimplicit-function-declaration]
   12 |                 printfAddress(address);
      |                 ^~~~~~~~~~~~~
../src/main.c:14:17: warning: implicit declaration of function 'printfWord' [-Wimplicit-function-declaration]
   14 |                 printfWord(word);
      |                 ^~~~~~~~~~
../src/main.c:15:27: warning: implicit declaration of function 'getNextAdress' [-Wimplicit-function-declaration]
   15 |                 address = getNextAdress(address);
      |                           ^~~~~~~~~~~~~
../src/main.c: At top level:
../src/main.c:21:6: warning: conflicting types for 'printfAddress'; have 'void(UINTPTR)' {aka 'void(unsigned int)'}
   21 | void printfAddress(UINTPTR address) {
      |      ^~~~~~~~~~~~~
../src/main.c:12:17: note: previous implicit declaration of 'printfAddress' with type 'void(UINTPTR)' {aka 'void(unsigned int)'}
   12 |                 printfAddress(address);
      |                 ^~~~~~~~~~~~~
../src/main.c: In function 'printfAddress':
../src/main.c:25:16: warning: passing argument 1 of 'printf' makes pointer from integer without a cast [-Wint-conversion]
   25 |         printf(address);
      |                ^~~~~~~
      |                |
      |                UINTPTR {aka unsigned int}
In file included from ../src/main.c:1:
c:\xilinx\vitis\2023.1\gnu\aarch32\nt\gcc-arm-none-eabi\aarch32-xilinx-eabi\usr\include\stdio.h:200:17: note: expected 'const char * restrict' but argument is of type 'UINTPTR' {aka 'unsigned int'}
  200 | int     printf (const char *__restrict, ...)
      |                 ^
../src/main.c: At top level:
../src/main.c:34:6: warning: conflicting types for 'printfWord'; have 'void(int)'
   34 | void printfWord(int word) {
      |      ^~~~~~~~~~
../src/main.c:14:17: note: previous implicit declaration of 'printfWord' with type 'void(int)'
   14 |                 printfWord(word);
      |                 ^~~~~~~~~~
../src/main.c: In function 'printfWord':
../src/main.c:35:16: warning: too many arguments for format [-Wformat-extra-args]
   35 |         printf("  Word: ", word);
      |                ^~~~~~~~~~
'Finished building: ../src/main.c'
' '
'Building target: zybo_app.elf'
'Invoking: ARM v7 gcc linker'
arm-none-eabi-gcc -mcpu=cortex-a9 -mfpu=vfpv3 -mfloat-abi=hard -Wl,-build-id=none -specs=Xilinx.spec -Wl,-T -Wl,../src/lscript.ld -LC:/FHNW/prj2/fhnw_zt/5_vitis/ws/zybo/export/zybo/sw/zybo/standalone_domain/bsplib/lib -o "zybo_app.elf"  ./src/main.o   -Wl,--start-group,-lxil,-lgcc,-lc,--end-group
'Finished building target: zybo_app.elf'
' '
'Invoking: ARM v7 Print Size'
arm-none-eabi-size zybo_app.elf  |tee "zybo_app.elf.size"
   text	   data	    bss	    dec	    hex	filename
  50671	   2552	  22632	  75855	  1284f	zybo_app.elf
'Finished building: zybo_app.elf.size'
' '
18:37:50 **** Incremental Build of configuration Debug for project zybo_app_system ****
make all 
Generating bif file for the system project
generate_system_bif.bat 63186 C:/FHNW/prj2/fhnw_zt/5_vitis/ws/zybo/export/zybo/zybo.xpfm standalone_domain C:/FHNW/prj2/fhnw_zt/5_vitis/ws/zybo_app_system/Debug/system.bif
sdcard_gen --xpfm C:/FHNW/prj2/fhnw_zt/5_vitis/ws/zybo/export/zybo/zybo.xpfm --sys_config zybo --bif C:/FHNW/prj2/fhnw_zt/5_vitis/ws/zybo_app_system/Debug/system.bif --bitstream C:/FHNW/prj2/fhnw_zt/5_vitis/ws/zybo_app/_ide/bitstream/bd_wrapper.bit --elf C:/FHNW/prj2/fhnw_zt/5_vitis/ws/zybo_app/Debug/zybo_app.elf,ps7_cortexa9_0
creating BOOT.BIN using C:/FHNW/prj2/fhnw_zt/5_vitis/ws/zybo_app/_ide/bitstream/bd_wrapper.bit
Running C:/Xilinx/Vitis/2023.1/bin/bootgen  -image C:/FHNW/prj2/fhnw_zt/5_vitis/ws/zybo_app_system/Debug/sd_card_temp/boot.bif -w -o i BOOT.BIN
