10:30:45 **** Build of configuration Debug for project zybo_tank_app ****
make all 
make --no-print-directory pre-build
a9-linaro-pre-build-step
' '
make --no-print-directory main-build
'Building file: ../src/main.c'
'Invoking: ARM v7 gcc compiler'
arm-none-eabi-gcc -Wall -O0 -g3 -c -fmessage-length=0 -MT"src/main.o" -mcpu=cortex-a9 -mfpu=vfpv3 -mfloat-abi=hard -IC:/FHNW/prj2/fhnw_zt/5_vitis/ws/zybo_tank/export/zybo_tank/sw/zybo_tank/standalone_domain/bspinclude/include -MMD -MP -MF"src/main.d" -MT"src/main.o" -o "src/main.o" "../src/main.c"
../src/main.c: In function 'convertMyString':
../src/main.c:13:21: warning: implicit declaration of function 'malloc' [-Wimplicit-function-declaration]
   13 |         char* str = malloc( length + 1 );
      |                     ^~~~~~
../src/main.c:5:1: note: include '<stdlib.h>' or provide a declaration of 'malloc'
    4 | #include <xparameters.h>
  +++ |+#include <stdlib.h>
    5 | 
../src/main.c:13:21: warning: incompatible implicit declaration of built-in function 'malloc' [-Wbuiltin-declaration-mismatch]
   13 |         char* str = malloc( length + 1 );
      |                     ^~~~~~
../src/main.c:13:21: note: include '<stdlib.h>' or provide a declaration of 'malloc'
../src/main.c:16:9: warning: implicit declaration of function 'free' [-Wimplicit-function-declaration]
   16 |         free(str);
      |         ^~~~
../src/main.c:16:9: note: include '<stdlib.h>' or provide a declaration of 'free'
../src/main.c:16:9: warning: incompatible implicit declaration of built-in function 'free' [-Wbuiltin-declaration-mismatch]
../src/main.c:16:9: note: include '<stdlib.h>' or provide a declaration of 'free'
../src/main.c: In function 'printfWord':
../src/main.c:21:16: warning: passing argument 1 of 'printf' makes pointer from integer without a cast [-Wint-conversion]
   21 |         printf(word);
      |                ^~~~
      |                |
      |                int
In file included from ../src/main.c:1:
c:\xilinx\vitis\2023.1\gnu\aarch32\nt\gcc-arm-none-eabi\aarch32-xilinx-eabi\usr\include\stdio.h:200:17: note: expected 'const char * restrict' but argument is of type 'int'
  200 | int     printf (const char *__restrict, ...)
      |                 ^
../src/main.c: In function 'printfAddress':
../src/main.c:26:16: warning: passing argument 1 of 'printf' makes pointer from integer without a cast [-Wint-conversion]
   26 |         printf(address);
      |                ^~~~~~~
      |                |
      |                int
c:\xilinx\vitis\2023.1\gnu\aarch32\nt\gcc-arm-none-eabi\aarch32-xilinx-eabi\usr\include\stdio.h:200:17: note: expected 'const char * restrict' but argument is of type 'int'
  200 | int     printf (const char *__restrict, ...)
      |                 ^
'Finished building: ../src/main.c'
' '
'Building target: zybo_tank_app.elf'
'Invoking: ARM v7 gcc linker'
arm-none-eabi-gcc -mcpu=cortex-a9 -mfpu=vfpv3 -mfloat-abi=hard -Wl,-build-id=none -specs=Xilinx.spec -Wl,-T -Wl,../src/lscript.ld -LC:/FHNW/prj2/fhnw_zt/5_vitis/ws/zybo_tank/export/zybo_tank/sw/zybo_tank/standalone_domain/bsplib/lib -o "zybo_tank_app.elf"  ./src/main.o   -Wl,--start-group,-lxil,-lgcc,-lc,--end-group
'Finished building target: zybo_tank_app.elf'
' '
'Invoking: ARM v7 Print Size'
arm-none-eabi-size zybo_tank_app.elf  |tee "zybo_tank_app.elf.size"
   text	   data	    bss	    dec	    hex	filename
  60583	   2548	  22632	  85763	  14f03	zybo_tank_app.elf
'Finished building: zybo_tank_app.elf.size'
' '

10:30:46 Build Finished (took 835ms)

